Copyright 1986-2022 Xilinx, Inc. All Rights Reserved. Copyright 2022-2023 Advanced Micro Devices, Inc. All Rights Reserved.
------------------------------------------------------------------------------------------------------------------------------------------------------------------------------------------------------------------------
| Tool Version : Vivado v.2023.2 (win64) Build 4029153 Fri Oct 13 20:14:34 MDT 2023
| Date         : Sun Aug 17 17:06:26 2025
| Host         : DESKTOP-R3USA8P running 64-bit major release  (build 9200)
| Command      : report_timing_summary -max_paths 10 -report_unconstrained -file stopwatch_timing_summary_routed.rpt -pb stopwatch_timing_summary_routed.pb -rpx stopwatch_timing_summary_routed.rpx -warn_on_violation
| Design       : stopwatch
| Device       : 7a100t-csg324
| Speed File   : -1  PRODUCTION 1.23 2018-06-13
| Design State : Routed
------------------------------------------------------------------------------------------------------------------------------------------------------------------------------------------------------------------------

Timing Summary Report

------------------------------------------------------------------------------------------------
| Timer Settings
| --------------
------------------------------------------------------------------------------------------------

  Enable Multi Corner Analysis               :  Yes
  Enable Pessimism Removal                   :  Yes
  Pessimism Removal Resolution               :  Nearest Common Node
  Enable Input Delay Default Clock           :  No
  Enable Preset / Clear Arcs                 :  No
  Disable Flight Delays                      :  No
  Ignore I/O Paths                           :  No
  Timing Early Launch at Borrowing Latches   :  No
  Borrow Time for Max Delay Exceptions       :  Yes
  Merge Timing Exceptions                    :  Yes
  Inter-SLR Compensation                     :  Conservative

  Corner  Analyze    Analyze    
  Name    Max Paths  Min Paths  
  ------  ---------  ---------  
  Slow    Yes        Yes        
  Fast    Yes        Yes        


------------------------------------------------------------------------------------------------
| Report Methodology
| ------------------
------------------------------------------------------------------------------------------------

Rule       Severity          Description                  Violations  
---------  ----------------  ---------------------------  ----------  
TIMING-17  Critical Warning  Non-clocked sequential cell  49          

Note: This report is based on the most recent report_methodology run and may not be up-to-date. Run report_methodology on the current design for the latest report.



check_timing report

Table of Contents
-----------------
1. checking no_clock (225)
2. checking constant_clock (0)
3. checking pulse_width_clock (0)
4. checking unconstrained_internal_endpoints (102)
5. checking no_input_delay (1)
6. checking no_output_delay (11)
7. checking multiple_clock (0)
8. checking generated_clocks (0)
9. checking loops (0)
10. checking partial_input_delay (0)
11. checking partial_output_delay (0)
12. checking latch_loops (0)

1. checking no_clock (225)
--------------------------
 There are 41 register/latch pins with no clock driven by root clock pin: clock (HIGH)

 There are 8 register/latch pins with no clock driven by root clock pin: delay_reg[0]/Q (HIGH)

 There are 8 register/latch pins with no clock driven by root clock pin: delay_reg[10]/Q (HIGH)

 There are 8 register/latch pins with no clock driven by root clock pin: delay_reg[11]/Q (HIGH)

 There are 8 register/latch pins with no clock driven by root clock pin: delay_reg[12]/Q (HIGH)

 There are 8 register/latch pins with no clock driven by root clock pin: delay_reg[13]/Q (HIGH)

 There are 8 register/latch pins with no clock driven by root clock pin: delay_reg[14]/Q (HIGH)

 There are 8 register/latch pins with no clock driven by root clock pin: delay_reg[15]/Q (HIGH)

 There are 8 register/latch pins with no clock driven by root clock pin: delay_reg[16]/Q (HIGH)

 There are 8 register/latch pins with no clock driven by root clock pin: delay_reg[17]/Q (HIGH)

 There are 8 register/latch pins with no clock driven by root clock pin: delay_reg[18]/Q (HIGH)

 There are 8 register/latch pins with no clock driven by root clock pin: delay_reg[19]/Q (HIGH)

 There are 8 register/latch pins with no clock driven by root clock pin: delay_reg[1]/Q (HIGH)

 There are 8 register/latch pins with no clock driven by root clock pin: delay_reg[20]/Q (HIGH)

 There are 8 register/latch pins with no clock driven by root clock pin: delay_reg[21]/Q (HIGH)

 There are 8 register/latch pins with no clock driven by root clock pin: delay_reg[22]/Q (HIGH)

 There are 8 register/latch pins with no clock driven by root clock pin: delay_reg[2]/Q (HIGH)

 There are 8 register/latch pins with no clock driven by root clock pin: delay_reg[3]/Q (HIGH)

 There are 8 register/latch pins with no clock driven by root clock pin: delay_reg[4]/Q (HIGH)

 There are 8 register/latch pins with no clock driven by root clock pin: delay_reg[5]/Q (HIGH)

 There are 8 register/latch pins with no clock driven by root clock pin: delay_reg[6]/Q (HIGH)

 There are 8 register/latch pins with no clock driven by root clock pin: delay_reg[7]/Q (HIGH)

 There are 8 register/latch pins with no clock driven by root clock pin: delay_reg[8]/Q (HIGH)

 There are 8 register/latch pins with no clock driven by root clock pin: delay_reg[9]/Q (HIGH)


2. checking constant_clock (0)
------------------------------
 There are 0 register/latch pins with constant_clock.


3. checking pulse_width_clock (0)
---------------------------------
 There are 0 register/latch pins which need pulse_width check


4. checking unconstrained_internal_endpoints (102)
--------------------------------------------------
 There are 102 pins that are not constrained for maximum delay. (HIGH)

 There are 0 pins that are not constrained for maximum delay due to constant clock.


5. checking no_input_delay (1)
------------------------------
 There is 1 input port with no input delay specified. (HIGH)

 There are 0 input ports with no input delay but user has a false path constraint.


6. checking no_output_delay (11)
--------------------------------
 There are 11 ports with no output delay specified. (HIGH)

 There are 0 ports with no output delay but user has a false path constraint

 There are 0 ports with no output delay but with a timing clock defined on it or propagating through it


7. checking multiple_clock (0)
------------------------------
 There are 0 register/latch pins with multiple clocks.


8. checking generated_clocks (0)
--------------------------------
 There are 0 generated clocks that are not connected to a clock source.


9. checking loops (0)
---------------------
 There are 0 combinational loops in the design.


10. checking partial_input_delay (0)
------------------------------------
 There are 0 input ports with partial input delay specified.


11. checking partial_output_delay (0)
-------------------------------------
 There are 0 ports with partial output delay specified.


12. checking latch_loops (0)
----------------------------
 There are 0 combinational latch loops in the design through latch input



------------------------------------------------------------------------------------------------
| Design Timing Summary
| ---------------------
------------------------------------------------------------------------------------------------

    WNS(ns)      TNS(ns)  TNS Failing Endpoints  TNS Total Endpoints      WHS(ns)      THS(ns)  THS Failing Endpoints  THS Total Endpoints     WPWS(ns)     TPWS(ns)  TPWS Failing Endpoints  TPWS Total Endpoints  
    -------      -------  ---------------------  -------------------      -------      -------  ---------------------  -------------------     --------     --------  ----------------------  --------------------  
        inf        0.000                      0                  113          inf        0.000                      0                  113           NA           NA                      NA                    NA  


There are no user specified timing constraints.


------------------------------------------------------------------------------------------------
| Clock Summary
| -------------
------------------------------------------------------------------------------------------------


------------------------------------------------------------------------------------------------
| Intra Clock Table
| -----------------
------------------------------------------------------------------------------------------------

Clock             WNS(ns)      TNS(ns)  TNS Failing Endpoints  TNS Total Endpoints      WHS(ns)      THS(ns)  THS Failing Endpoints  THS Total Endpoints     WPWS(ns)     TPWS(ns)  TPWS Failing Endpoints  TPWS Total Endpoints  
-----             -------      -------  ---------------------  -------------------      -------      -------  ---------------------  -------------------     --------     --------  ----------------------  --------------------  


------------------------------------------------------------------------------------------------
| Inter Clock Table
| -----------------
------------------------------------------------------------------------------------------------

From Clock    To Clock          WNS(ns)      TNS(ns)  TNS Failing Endpoints  TNS Total Endpoints      WHS(ns)      THS(ns)  THS Failing Endpoints  THS Total Endpoints  
----------    --------          -------      -------  ---------------------  -------------------      -------      -------  ---------------------  -------------------  


------------------------------------------------------------------------------------------------
| Other Path Groups Table
| -----------------------
------------------------------------------------------------------------------------------------

Path Group    From Clock    To Clock          WNS(ns)      TNS(ns)  TNS Failing Endpoints  TNS Total Endpoints      WHS(ns)      THS(ns)  THS Failing Endpoints  THS Total Endpoints  
----------    ----------    --------          -------      -------  ---------------------  -------------------      -------      -------  ---------------------  -------------------  


------------------------------------------------------------------------------------------------
| User Ignored Path Table
| -----------------------
------------------------------------------------------------------------------------------------

Path Group    From Clock    To Clock    
----------    ----------    --------    


------------------------------------------------------------------------------------------------
| Unconstrained Path Table
| ------------------------
------------------------------------------------------------------------------------------------

Path Group    From Clock    To Clock    
----------    ----------    --------    
(none)                                    


------------------------------------------------------------------------------------------------
| Timing Details
| --------------
------------------------------------------------------------------------------------------------


--------------------------------------------------------------------------------------
Path Group:  (none)
From Clock:  
  To Clock:  

Max Delay           113 Endpoints
Min Delay           113 Endpoints
--------------------------------------------------------------------------------------


Max Delay Paths
--------------------------------------------------------------------------------------
Slack:                    inf
  Source:                 first_reg[3]/C
                            (rising edge-triggered cell FDCE)
  Destination:            d
                            (output port)
  Path Group:             (none)
  Path Type:              Max at Slow Process Corner
  Data Path Delay:        7.618ns  (logic 4.017ns (52.727%)  route 3.602ns (47.274%))
  Logic Levels:           4  (FDCE=1 LUT4=2 OBUF=1)

    Location             Delay type                Incr(ns)  Path(ns)    Netlist Resource(s)
  -------------------------------------------------------------------    -------------------
    SLICE_X2Y50          FDCE                         0.000     0.000 r  first_reg[3]/C
    SLICE_X2Y50          FDCE (Prop_fdce_C_Q)         0.478     0.478 r  first_reg[3]/Q
                         net (fo=4, routed)           0.826     1.304    first[3]
    SLICE_X0Y52          LUT4 (Prop_lut4_I1_O)        0.321     1.625 r  a_OBUF_inst_i_2/O
                         net (fo=7, routed)           0.962     2.587    sel0[3]
    SLICE_X0Y55          LUT4 (Prop_lut4_I0_O)        0.354     2.941 r  d_OBUF_inst_i_1/O
                         net (fo=1, routed)           1.813     4.755    d_OBUF
    V11                  OBUF (Prop_obuf_I_O)         2.864     7.618 r  d_OBUF_inst/O
                         net (fo=0)                   0.000     7.618    d
    V11                                                               r  d (OUT)
  -------------------------------------------------------------------    -------------------

Slack:                    inf
  Source:                 first_reg[3]/C
                            (rising edge-triggered cell FDCE)
  Destination:            a
                            (output port)
  Path Group:             (none)
  Path Type:              Max at Slow Process Corner
  Data Path Delay:        7.478ns  (logic 4.008ns (53.593%)  route 3.470ns (46.407%))
  Logic Levels:           4  (FDCE=1 LUT4=2 OBUF=1)

    Location             Delay type                Incr(ns)  Path(ns)    Netlist Resource(s)
  -------------------------------------------------------------------    -------------------
    SLICE_X2Y50          FDCE                         0.000     0.000 r  first_reg[3]/C
    SLICE_X2Y50          FDCE (Prop_fdce_C_Q)         0.478     0.478 r  first_reg[3]/Q
                         net (fo=4, routed)           0.826     1.304    first[3]
    SLICE_X0Y52          LUT4 (Prop_lut4_I1_O)        0.321     1.625 r  a_OBUF_inst_i_2/O
                         net (fo=7, routed)           0.970     2.596    sel0[3]
    SLICE_X0Y55          LUT4 (Prop_lut4_I0_O)        0.356     2.952 r  a_OBUF_inst_i_1/O
                         net (fo=1, routed)           1.674     4.625    a_OBUF
    T13                  OBUF (Prop_obuf_I_O)         2.853     7.478 r  a_OBUF_inst/O
                         net (fo=0)                   0.000     7.478    a
    T13                                                               r  a (OUT)
  -------------------------------------------------------------------    -------------------

Slack:                    inf
  Source:                 first_reg[3]/C
                            (rising edge-triggered cell FDCE)
  Destination:            e
                            (output port)
  Path Group:             (none)
  Path Type:              Max at Slow Process Corner
  Data Path Delay:        7.376ns  (logic 4.024ns (54.562%)  route 3.351ns (45.438%))
  Logic Levels:           4  (FDCE=1 LUT4=2 OBUF=1)

    Location             Delay type                Incr(ns)  Path(ns)    Netlist Resource(s)
  -------------------------------------------------------------------    -------------------
    SLICE_X2Y50          FDCE                         0.000     0.000 r  first_reg[3]/C
    SLICE_X2Y50          FDCE (Prop_fdce_C_Q)         0.478     0.478 r  first_reg[3]/Q
                         net (fo=4, routed)           0.826     1.304    first[3]
    SLICE_X0Y52          LUT4 (Prop_lut4_I1_O)        0.321     1.625 r  a_OBUF_inst_i_2/O
                         net (fo=7, routed)           0.804     2.429    sel0[3]
    SLICE_X0Y55          LUT4 (Prop_lut4_I0_O)        0.354     2.783 r  e_OBUF_inst_i_1/O
                         net (fo=1, routed)           1.721     4.504    e_OBUF
    V12                  OBUF (Prop_obuf_I_O)         2.871     7.376 r  e_OBUF_inst/O
                         net (fo=0)                   0.000     7.376    e
    V12                                                               r  e (OUT)
  -------------------------------------------------------------------    -------------------

Slack:                    inf
  Source:                 first_reg[3]/C
                            (rising edge-triggered cell FDCE)
  Destination:            f
                            (output port)
  Path Group:             (none)
  Path Type:              Max at Slow Process Corner
  Data Path Delay:        7.307ns  (logic 3.796ns (51.955%)  route 3.511ns (48.045%))
  Logic Levels:           4  (FDCE=1 LUT4=2 OBUF=1)

    Location             Delay type                Incr(ns)  Path(ns)    Netlist Resource(s)
  -------------------------------------------------------------------    -------------------
    SLICE_X2Y50          FDCE                         0.000     0.000 r  first_reg[3]/C
    SLICE_X2Y50          FDCE (Prop_fdce_C_Q)         0.478     0.478 r  first_reg[3]/Q
                         net (fo=4, routed)           0.826     1.304    first[3]
    SLICE_X0Y52          LUT4 (Prop_lut4_I1_O)        0.321     1.625 r  a_OBUF_inst_i_2/O
                         net (fo=7, routed)           0.970     2.596    sel0[3]
    SLICE_X0Y55          LUT4 (Prop_lut4_I0_O)        0.326     2.922 r  f_OBUF_inst_i_1/O
                         net (fo=1, routed)           1.714     4.636    f_OBUF
    U12                  OBUF (Prop_obuf_I_O)         2.671     7.307 r  f_OBUF_inst/O
                         net (fo=0)                   0.000     7.307    f
    U12                                                               r  f (OUT)
  -------------------------------------------------------------------    -------------------

Slack:                    inf
  Source:                 first_reg[3]/C
                            (rising edge-triggered cell FDCE)
  Destination:            g
                            (output port)
  Path Group:             (none)
  Path Type:              Max at Slow Process Corner
  Data Path Delay:        7.217ns  (logic 3.783ns (52.416%)  route 3.434ns (47.585%))
  Logic Levels:           4  (FDCE=1 LUT4=2 OBUF=1)

    Location             Delay type                Incr(ns)  Path(ns)    Netlist Resource(s)
  -------------------------------------------------------------------    -------------------
    SLICE_X2Y50          FDCE                         0.000     0.000 r  first_reg[3]/C
    SLICE_X2Y50          FDCE (Prop_fdce_C_Q)         0.478     0.478 f  first_reg[3]/Q
                         net (fo=4, routed)           0.826     1.304    first[3]
    SLICE_X0Y52          LUT4 (Prop_lut4_I1_O)        0.321     1.625 f  a_OBUF_inst_i_2/O
                         net (fo=7, routed)           0.740     2.365    sel0[3]
    SLICE_X0Y55          LUT4 (Prop_lut4_I3_O)        0.326     2.691 r  g_OBUF_inst_i_1/O
                         net (fo=1, routed)           1.868     4.559    g_OBUF
    U11                  OBUF (Prop_obuf_I_O)         2.658     7.217 r  g_OBUF_inst/O
                         net (fo=0)                   0.000     7.217    g
    U11                                                               r  g (OUT)
  -------------------------------------------------------------------    -------------------

Slack:                    inf
  Source:                 first_reg[3]/C
                            (rising edge-triggered cell FDCE)
  Destination:            b
                            (output port)
  Path Group:             (none)
  Path Type:              Max at Slow Process Corner
  Data Path Delay:        7.089ns  (logic 3.772ns (53.211%)  route 3.317ns (46.789%))
  Logic Levels:           4  (FDCE=1 LUT4=2 OBUF=1)

    Location             Delay type                Incr(ns)  Path(ns)    Netlist Resource(s)
  -------------------------------------------------------------------    -------------------
    SLICE_X2Y50          FDCE                         0.000     0.000 r  first_reg[3]/C
    SLICE_X2Y50          FDCE (Prop_fdce_C_Q)         0.478     0.478 r  first_reg[3]/Q
                         net (fo=4, routed)           0.826     1.304    first[3]
    SLICE_X0Y52          LUT4 (Prop_lut4_I1_O)        0.321     1.625 r  a_OBUF_inst_i_2/O
                         net (fo=7, routed)           0.962     2.587    sel0[3]
    SLICE_X0Y55          LUT4 (Prop_lut4_I0_O)        0.326     2.913 r  b_OBUF_inst_i_1/O
                         net (fo=1, routed)           1.529     4.442    b_OBUF
    V14                  OBUF (Prop_obuf_I_O)         2.647     7.089 r  b_OBUF_inst/O
                         net (fo=0)                   0.000     7.089    b
    V14                                                               r  b (OUT)
  -------------------------------------------------------------------    -------------------

Slack:                    inf
  Source:                 first_reg[3]/C
                            (rising edge-triggered cell FDCE)
  Destination:            c
                            (output port)
  Path Group:             (none)
  Path Type:              Max at Slow Process Corner
  Data Path Delay:        7.074ns  (logic 3.770ns (53.296%)  route 3.304ns (46.704%))
  Logic Levels:           4  (FDCE=1 LUT4=2 OBUF=1)

    Location             Delay type                Incr(ns)  Path(ns)    Netlist Resource(s)
  -------------------------------------------------------------------    -------------------
    SLICE_X2Y50          FDCE                         0.000     0.000 r  first_reg[3]/C
    SLICE_X2Y50          FDCE (Prop_fdce_C_Q)         0.478     0.478 r  first_reg[3]/Q
                         net (fo=4, routed)           0.826     1.304    first[3]
    SLICE_X0Y52          LUT4 (Prop_lut4_I1_O)        0.321     1.625 r  a_OBUF_inst_i_2/O
                         net (fo=7, routed)           0.804     2.429    sel0[3]
    SLICE_X0Y55          LUT4 (Prop_lut4_I0_O)        0.326     2.755 r  c_OBUF_inst_i_1/O
                         net (fo=1, routed)           1.674     4.429    c_OBUF
    U14                  OBUF (Prop_obuf_I_O)         2.645     7.074 r  c_OBUF_inst/O
                         net (fo=0)                   0.000     7.074    c
    U14                                                               r  c (OUT)
  -------------------------------------------------------------------    -------------------

Slack:                    inf
  Source:                 count_reg[17]/C
                            (rising edge-triggered cell FDCE)
  Destination:            an[0]
                            (output port)
  Path Group:             (none)
  Path Type:              Max at Slow Process Corner
  Data Path Delay:        6.186ns  (logic 3.464ns (56.004%)  route 2.722ns (43.996%))
  Logic Levels:           3  (FDCE=1 LUT2=1 OBUF=1)

    Location             Delay type                Incr(ns)  Path(ns)    Netlist Resource(s)
  -------------------------------------------------------------------    -------------------
    SLICE_X1Y52          FDCE                         0.000     0.000 r  count_reg[17]/C
    SLICE_X1Y52          FDCE (Prop_fdce_C_Q)         0.456     0.456 r  count_reg[17]/Q
                         net (fo=9, routed)           0.902     1.358    p_0_in__0[1]
    SLICE_X0Y51          LUT2 (Prop_lut2_I0_O)        0.152     1.510 r  an_OBUF[0]_inst_i_1/O
                         net (fo=1, routed)           1.820     3.330    an_OBUF[0]
    R10                  OBUF (Prop_obuf_I_O)         2.856     6.186 r  an_OBUF[0]_inst/O
                         net (fo=0)                   0.000     6.186    an[0]
    R10                                                               r  an[0] (OUT)
  -------------------------------------------------------------------    -------------------

Slack:                    inf
  Source:                 count_reg[17]/C
                            (rising edge-triggered cell FDCE)
  Destination:            an[2]
                            (output port)
  Path Group:             (none)
  Path Type:              Max at Slow Process Corner
  Data Path Delay:        6.086ns  (logic 3.477ns (57.135%)  route 2.609ns (42.865%))
  Logic Levels:           3  (FDCE=1 LUT2=1 OBUF=1)

    Location             Delay type                Incr(ns)  Path(ns)    Netlist Resource(s)
  -------------------------------------------------------------------    -------------------
    SLICE_X1Y52          FDCE                         0.000     0.000 r  count_reg[17]/C
    SLICE_X1Y52          FDCE (Prop_fdce_C_Q)         0.456     0.456 f  count_reg[17]/Q
                         net (fo=9, routed)           0.909     1.365    p_0_in__0[1]
    SLICE_X0Y51          LUT2 (Prop_lut2_I1_O)        0.152     1.517 r  an_OBUF[2]_inst_i_1/O
                         net (fo=1, routed)           1.700     3.217    an_OBUF[2]
    T9                   OBUF (Prop_obuf_I_O)         2.869     6.086 r  an_OBUF[2]_inst/O
                         net (fo=0)                   0.000     6.086    an[2]
    T9                                                                r  an[2] (OUT)
  -------------------------------------------------------------------    -------------------

Slack:                    inf
  Source:                 count_reg[16]/C
                            (rising edge-triggered cell FDCE)
  Destination:            an[1]
                            (output port)
  Path Group:             (none)
  Path Type:              Max at Slow Process Corner
  Data Path Delay:        5.630ns  (logic 3.482ns (61.849%)  route 2.148ns (38.151%))
  Logic Levels:           3  (FDCE=1 LUT2=1 OBUF=1)

    Location             Delay type                Incr(ns)  Path(ns)    Netlist Resource(s)
  -------------------------------------------------------------------    -------------------
    SLICE_X1Y52          FDCE                         0.000     0.000 r  count_reg[16]/C
    SLICE_X1Y52          FDCE (Prop_fdce_C_Q)         0.456     0.456 f  count_reg[16]/Q
                         net (fo=9, routed)           0.615     1.071    p_0_in__0[0]
    SLICE_X0Y51          LUT2 (Prop_lut2_I1_O)        0.153     1.224 r  an_OBUF[1]_inst_i_1/O
                         net (fo=1, routed)           1.533     2.757    an_OBUF[1]
    T10                  OBUF (Prop_obuf_I_O)         2.873     5.630 r  an_OBUF[1]_inst/O
                         net (fo=0)                   0.000     5.630    an[1]
    T10                                                               r  an[1] (OUT)
  -------------------------------------------------------------------    -------------------





Min Delay Paths
--------------------------------------------------------------------------------------
Slack:                    inf
  Source:                 count_reg[11]/C
                            (rising edge-triggered cell FDCE)
  Destination:            count_reg[11]/D
  Path Group:             (none)
  Path Type:              Min at Fast Process Corner
  Data Path Delay:        0.357ns  (logic 0.249ns (69.714%)  route 0.108ns (30.286%))
  Logic Levels:           2  (CARRY4=1 FDCE=1)

    Location             Delay type                Incr(ns)  Path(ns)    Netlist Resource(s)
  -------------------------------------------------------------------    -------------------
    SLICE_X1Y50          FDCE                         0.000     0.000 r  count_reg[11]/C
    SLICE_X1Y50          FDCE (Prop_fdce_C_Q)         0.141     0.141 r  count_reg[11]/Q
                         net (fo=1, routed)           0.108     0.249    count_reg_n_0_[11]
    SLICE_X1Y50          CARRY4 (Prop_carry4_S[3]_O[3])
                                                      0.108     0.357 r  count_reg[8]_i_1/O[3]
                         net (fo=1, routed)           0.000     0.357    count_reg[8]_i_1_n_4
    SLICE_X1Y50          FDCE                                         r  count_reg[11]/D
  -------------------------------------------------------------------    -------------------

Slack:                    inf
  Source:                 count_reg[15]/C
                            (rising edge-triggered cell FDCE)
  Destination:            count_reg[15]/D
  Path Group:             (none)
  Path Type:              Min at Fast Process Corner
  Data Path Delay:        0.357ns  (logic 0.249ns (69.714%)  route 0.108ns (30.286%))
  Logic Levels:           2  (CARRY4=1 FDCE=1)

    Location             Delay type                Incr(ns)  Path(ns)    Netlist Resource(s)
  -------------------------------------------------------------------    -------------------
    SLICE_X1Y51          FDCE                         0.000     0.000 r  count_reg[15]/C
    SLICE_X1Y51          FDCE (Prop_fdce_C_Q)         0.141     0.141 r  count_reg[15]/Q
                         net (fo=1, routed)           0.108     0.249    count_reg_n_0_[15]
    SLICE_X1Y51          CARRY4 (Prop_carry4_S[3]_O[3])
                                                      0.108     0.357 r  count_reg[12]_i_1/O[3]
                         net (fo=1, routed)           0.000     0.357    count_reg[12]_i_1_n_4
    SLICE_X1Y51          FDCE                                         r  count_reg[15]/D
  -------------------------------------------------------------------    -------------------

Slack:                    inf
  Source:                 count_reg[3]/C
                            (rising edge-triggered cell FDCE)
  Destination:            count_reg[3]/D
  Path Group:             (none)
  Path Type:              Min at Fast Process Corner
  Data Path Delay:        0.357ns  (logic 0.249ns (69.714%)  route 0.108ns (30.286%))
  Logic Levels:           2  (CARRY4=1 FDCE=1)

    Location             Delay type                Incr(ns)  Path(ns)    Netlist Resource(s)
  -------------------------------------------------------------------    -------------------
    SLICE_X1Y48          FDCE                         0.000     0.000 r  count_reg[3]/C
    SLICE_X1Y48          FDCE (Prop_fdce_C_Q)         0.141     0.141 r  count_reg[3]/Q
                         net (fo=1, routed)           0.108     0.249    count_reg_n_0_[3]
    SLICE_X1Y48          CARRY4 (Prop_carry4_S[3]_O[3])
                                                      0.108     0.357 r  count_reg[0]_i_1/O[3]
                         net (fo=1, routed)           0.000     0.357    count_reg[0]_i_1_n_4
    SLICE_X1Y48          FDCE                                         r  count_reg[3]/D
  -------------------------------------------------------------------    -------------------

Slack:                    inf
  Source:                 count_reg[7]/C
                            (rising edge-triggered cell FDCE)
  Destination:            count_reg[7]/D
  Path Group:             (none)
  Path Type:              Min at Fast Process Corner
  Data Path Delay:        0.357ns  (logic 0.249ns (69.714%)  route 0.108ns (30.286%))
  Logic Levels:           2  (CARRY4=1 FDCE=1)

    Location             Delay type                Incr(ns)  Path(ns)    Netlist Resource(s)
  -------------------------------------------------------------------    -------------------
    SLICE_X1Y49          FDCE                         0.000     0.000 r  count_reg[7]/C
    SLICE_X1Y49          FDCE (Prop_fdce_C_Q)         0.141     0.141 r  count_reg[7]/Q
                         net (fo=1, routed)           0.108     0.249    count_reg_n_0_[7]
    SLICE_X1Y49          CARRY4 (Prop_carry4_S[3]_O[3])
                                                      0.108     0.357 r  count_reg[4]_i_1/O[3]
                         net (fo=1, routed)           0.000     0.357    count_reg[4]_i_1_n_4
    SLICE_X1Y49          FDCE                                         r  count_reg[7]/D
  -------------------------------------------------------------------    -------------------

Slack:                    inf
  Source:                 count_reg[12]/C
                            (rising edge-triggered cell FDCE)
  Destination:            count_reg[12]/D
  Path Group:             (none)
  Path Type:              Min at Fast Process Corner
  Data Path Delay:        0.361ns  (logic 0.256ns (70.880%)  route 0.105ns (29.120%))
  Logic Levels:           2  (CARRY4=1 FDCE=1)

    Location             Delay type                Incr(ns)  Path(ns)    Netlist Resource(s)
  -------------------------------------------------------------------    -------------------
    SLICE_X1Y51          FDCE                         0.000     0.000 r  count_reg[12]/C
    SLICE_X1Y51          FDCE (Prop_fdce_C_Q)         0.141     0.141 r  count_reg[12]/Q
                         net (fo=1, routed)           0.105     0.246    count_reg_n_0_[12]
    SLICE_X1Y51          CARRY4 (Prop_carry4_S[0]_O[0])
                                                      0.115     0.361 r  count_reg[12]_i_1/O[0]
                         net (fo=1, routed)           0.000     0.361    count_reg[12]_i_1_n_7
    SLICE_X1Y51          FDCE                                         r  count_reg[12]/D
  -------------------------------------------------------------------    -------------------

Slack:                    inf
  Source:                 count_reg[4]/C
                            (rising edge-triggered cell FDCE)
  Destination:            count_reg[4]/D
  Path Group:             (none)
  Path Type:              Min at Fast Process Corner
  Data Path Delay:        0.361ns  (logic 0.256ns (70.880%)  route 0.105ns (29.120%))
  Logic Levels:           2  (CARRY4=1 FDCE=1)

    Location             Delay type                Incr(ns)  Path(ns)    Netlist Resource(s)
  -------------------------------------------------------------------    -------------------
    SLICE_X1Y49          FDCE                         0.000     0.000 r  count_reg[4]/C
    SLICE_X1Y49          FDCE (Prop_fdce_C_Q)         0.141     0.141 r  count_reg[4]/Q
                         net (fo=1, routed)           0.105     0.246    count_reg_n_0_[4]
    SLICE_X1Y49          CARRY4 (Prop_carry4_S[0]_O[0])
                                                      0.115     0.361 r  count_reg[4]_i_1/O[0]
                         net (fo=1, routed)           0.000     0.361    count_reg[4]_i_1_n_7
    SLICE_X1Y49          FDCE                                         r  count_reg[4]/D
  -------------------------------------------------------------------    -------------------

Slack:                    inf
  Source:                 count_reg[8]/C
                            (rising edge-triggered cell FDCE)
  Destination:            count_reg[8]/D
  Path Group:             (none)
  Path Type:              Min at Fast Process Corner
  Data Path Delay:        0.361ns  (logic 0.256ns (70.880%)  route 0.105ns (29.120%))
  Logic Levels:           2  (CARRY4=1 FDCE=1)

    Location             Delay type                Incr(ns)  Path(ns)    Netlist Resource(s)
  -------------------------------------------------------------------    -------------------
    SLICE_X1Y50          FDCE                         0.000     0.000 r  count_reg[8]/C
    SLICE_X1Y50          FDCE (Prop_fdce_C_Q)         0.141     0.141 r  count_reg[8]/Q
                         net (fo=1, routed)           0.105     0.246    count_reg_n_0_[8]
    SLICE_X1Y50          CARRY4 (Prop_carry4_S[0]_O[0])
                                                      0.115     0.361 r  count_reg[8]_i_1/O[0]
                         net (fo=1, routed)           0.000     0.361    count_reg[8]_i_1_n_7
    SLICE_X1Y50          FDCE                                         r  count_reg[8]/D
  -------------------------------------------------------------------    -------------------

Slack:                    inf
  Source:                 count_reg[14]/C
                            (rising edge-triggered cell FDCE)
  Destination:            count_reg[14]/D
  Path Group:             (none)
  Path Type:              Min at Fast Process Corner
  Data Path Delay:        0.361ns  (logic 0.252ns (69.733%)  route 0.109ns (30.267%))
  Logic Levels:           2  (CARRY4=1 FDCE=1)

    Location             Delay type                Incr(ns)  Path(ns)    Netlist Resource(s)
  -------------------------------------------------------------------    -------------------
    SLICE_X1Y51          FDCE                         0.000     0.000 r  count_reg[14]/C
    SLICE_X1Y51          FDCE (Prop_fdce_C_Q)         0.141     0.141 r  count_reg[14]/Q
                         net (fo=1, routed)           0.109     0.250    count_reg_n_0_[14]
    SLICE_X1Y51          CARRY4 (Prop_carry4_S[2]_O[2])
                                                      0.111     0.361 r  count_reg[12]_i_1/O[2]
                         net (fo=1, routed)           0.000     0.361    count_reg[12]_i_1_n_5
    SLICE_X1Y51          FDCE                                         r  count_reg[14]/D
  -------------------------------------------------------------------    -------------------

Slack:                    inf
  Source:                 count_reg[2]/C
                            (rising edge-triggered cell FDCE)
  Destination:            count_reg[2]/D
  Path Group:             (none)
  Path Type:              Min at Fast Process Corner
  Data Path Delay:        0.361ns  (logic 0.252ns (69.733%)  route 0.109ns (30.267%))
  Logic Levels:           2  (CARRY4=1 FDCE=1)

    Location             Delay type                Incr(ns)  Path(ns)    Netlist Resource(s)
  -------------------------------------------------------------------    -------------------
    SLICE_X1Y48          FDCE                         0.000     0.000 r  count_reg[2]/C
    SLICE_X1Y48          FDCE (Prop_fdce_C_Q)         0.141     0.141 r  count_reg[2]/Q
                         net (fo=1, routed)           0.109     0.250    count_reg_n_0_[2]
    SLICE_X1Y48          CARRY4 (Prop_carry4_S[2]_O[2])
                                                      0.111     0.361 r  count_reg[0]_i_1/O[2]
                         net (fo=1, routed)           0.000     0.361    count_reg[0]_i_1_n_5
    SLICE_X1Y48          FDCE                                         r  count_reg[2]/D
  -------------------------------------------------------------------    -------------------

Slack:                    inf
  Source:                 count_reg[6]/C
                            (rising edge-triggered cell FDCE)
  Destination:            count_reg[6]/D
  Path Group:             (none)
  Path Type:              Min at Fast Process Corner
  Data Path Delay:        0.361ns  (logic 0.252ns (69.733%)  route 0.109ns (30.267%))
  Logic Levels:           2  (CARRY4=1 FDCE=1)

    Location             Delay type                Incr(ns)  Path(ns)    Netlist Resource(s)
  -------------------------------------------------------------------    -------------------
    SLICE_X1Y49          FDCE                         0.000     0.000 r  count_reg[6]/C
    SLICE_X1Y49          FDCE (Prop_fdce_C_Q)         0.141     0.141 r  count_reg[6]/Q
                         net (fo=1, routed)           0.109     0.250    count_reg_n_0_[6]
    SLICE_X1Y49          CARRY4 (Prop_carry4_S[2]_O[2])
                                                      0.111     0.361 r  count_reg[4]_i_1/O[2]
                         net (fo=1, routed)           0.000     0.361    count_reg[4]_i_1_n_5
    SLICE_X1Y49          FDCE                                         r  count_reg[6]/D
  -------------------------------------------------------------------    -------------------





